MPLINK 5.09, LINKER
Linker Map File - Created Tue Jun 20 03:07:13 2023

                                 Section Info
                  Section       Type    Address   Location Size(Bytes)
                ---------  ---------  ---------  ---------  ---------
                   .org_0       code   0x000000    program   0x000002
                   .cinit    romdata   0x000001    program   0x000004
                   .org_1       code   0x000004    program   0x000002
                   .org_2       code   0x000005    program   0x0000ee
.config_2007_BUILD/DEFAULT/PRODUCTION/AUTITO.       code   0x002007    program   0x000002



                              Program Memory Usage 
                               Start         End      
                           ---------   ---------      
                            0x000000    0x000002      
                            0x000004    0x00007b      
                            0x002007    0x002007      
            124 out of 8454 program addresses used, program memory utilization is 1%



                              Symbols - Sorted by Name
                     Name    Address   Location    Storage File                     
                ---------  ---------  ---------  --------- ---------                
                  AVANZAR   0x000048    program     static D:\DOCUMENTOS\Mis Documentos\Leo\Digitales II\Guía de Ejercicios MPLAB\AutoBT.X\Autito.asm
                    BUCLE   0x000070    program     static D:\DOCUMENTOS\Mis Documentos\Leo\Digitales II\Guía de Ejercicios MPLAB\AutoBT.X\Autito.asm
                  DERECHA   0x000050    program     static D:\DOCUMENTOS\Mis Documentos\Leo\Digitales II\Guía de Ejercicios MPLAB\AutoBT.X\Autito.asm
                      FIN   0x000047    program     static D:\DOCUMENTOS\Mis Documentos\Leo\Digitales II\Guía de Ejercicios MPLAB\AutoBT.X\Autito.asm
                   GO_DER   0x000057    program     static D:\DOCUMENTOS\Mis Documentos\Leo\Digitales II\Guía de Ejercicios MPLAB\AutoBT.X\Autito.asm
                   GO_IZQ   0x00005b    program     static D:\DOCUMENTOS\Mis Documentos\Leo\Digitales II\Guía de Ejercicios MPLAB\AutoBT.X\Autito.asm
                   INTERR   0x000034    program     static D:\DOCUMENTOS\Mis Documentos\Leo\Digitales II\Guía de Ejercicios MPLAB\AutoBT.X\Autito.asm
                IZQUIERDA   0x000052    program     static D:\DOCUMENTOS\Mis Documentos\Leo\Digitales II\Guía de Ejercicios MPLAB\AutoBT.X\Autito.asm
                     MAIN   0x000005    program     static D:\DOCUMENTOS\Mis Documentos\Leo\Digitales II\Guía de Ejercicios MPLAB\AutoBT.X\Autito.asm
              RETARDO_250   0x00006e    program     static D:\DOCUMENTOS\Mis Documentos\Leo\Digitales II\Guía de Ejercicios MPLAB\AutoBT.X\Autito.asm
               RETARDO_T1   0x000075    program     static D:\DOCUMENTOS\Mis Documentos\Leo\Digitales II\Guía de Ejercicios MPLAB\AutoBT.X\Autito.asm
                RETROCEDE   0x00004c    program     static D:\DOCUMENTOS\Mis Documentos\Leo\Digitales II\Guía de Ejercicios MPLAB\AutoBT.X\Autito.asm
                     STOP   0x000054    program     static D:\DOCUMENTOS\Mis Documentos\Leo\Digitales II\Guía de Ejercicios MPLAB\AutoBT.X\Autito.asm
             _.org_2_002D   0x00002d    program     static D:\DOCUMENTOS\Mis Documentos\Leo\Digitales II\Guía de Ejercicios MPLAB\AutoBT.X\Autito.asm
             _.org_2_0033   0x000033    program     static D:\DOCUMENTOS\Mis Documentos\Leo\Digitales II\Guía de Ejercicios MPLAB\AutoBT.X\Autito.asm
             _.org_2_0079   0x000079    program     static D:\DOCUMENTOS\Mis Documentos\Leo\Digitales II\Guía de Ejercicios MPLAB\AutoBT.X\Autito.asm
                     _100   0x00005f    program     static D:\DOCUMENTOS\Mis Documentos\Leo\Digitales II\Guía de Ejercicios MPLAB\AutoBT.X\Autito.asm
                      _25   0x000069    program     static D:\DOCUMENTOS\Mis Documentos\Leo\Digitales II\Guía de Ejercicios MPLAB\AutoBT.X\Autito.asm
                      _50   0x000064    program     static D:\DOCUMENTOS\Mis Documentos\Leo\Digitales II\Guía de Ejercicios MPLAB\AutoBT.X\Autito.asm



                              Symbols - Sorted by Address
                     Name    Address   Location    Storage File                     
                ---------  ---------  ---------  --------- ---------                
                     MAIN   0x000005    program     static D:\DOCUMENTOS\Mis Documentos\Leo\Digitales II\Guía de Ejercicios MPLAB\AutoBT.X\Autito.asm
             _.org_2_002D   0x00002d    program     static D:\DOCUMENTOS\Mis Documentos\Leo\Digitales II\Guía de Ejercicios MPLAB\AutoBT.X\Autito.asm
             _.org_2_0033   0x000033    program     static D:\DOCUMENTOS\Mis Documentos\Leo\Digitales II\Guía de Ejercicios MPLAB\AutoBT.X\Autito.asm
                   INTERR   0x000034    program     static D:\DOCUMENTOS\Mis Documentos\Leo\Digitales II\Guía de Ejercicios MPLAB\AutoBT.X\Autito.asm
                      FIN   0x000047    program     static D:\DOCUMENTOS\Mis Documentos\Leo\Digitales II\Guía de Ejercicios MPLAB\AutoBT.X\Autito.asm
                  AVANZAR   0x000048    program     static D:\DOCUMENTOS\Mis Documentos\Leo\Digitales II\Guía de Ejercicios MPLAB\AutoBT.X\Autito.asm
                RETROCEDE   0x00004c    program     static D:\DOCUMENTOS\Mis Documentos\Leo\Digitales II\Guía de Ejercicios MPLAB\AutoBT.X\Autito.asm
                  DERECHA   0x000050    program     static D:\DOCUMENTOS\Mis Documentos\Leo\Digitales II\Guía de Ejercicios MPLAB\AutoBT.X\Autito.asm
                IZQUIERDA   0x000052    program     static D:\DOCUMENTOS\Mis Documentos\Leo\Digitales II\Guía de Ejercicios MPLAB\AutoBT.X\Autito.asm
                     STOP   0x000054    program     static D:\DOCUMENTOS\Mis Documentos\Leo\Digitales II\Guía de Ejercicios MPLAB\AutoBT.X\Autito.asm
                   GO_DER   0x000057    program     static D:\DOCUMENTOS\Mis Documentos\Leo\Digitales II\Guía de Ejercicios MPLAB\AutoBT.X\Autito.asm
                   GO_IZQ   0x00005b    program     static D:\DOCUMENTOS\Mis Documentos\Leo\Digitales II\Guía de Ejercicios MPLAB\AutoBT.X\Autito.asm
                     _100   0x00005f    program     static D:\DOCUMENTOS\Mis Documentos\Leo\Digitales II\Guía de Ejercicios MPLAB\AutoBT.X\Autito.asm
                      _50   0x000064    program     static D:\DOCUMENTOS\Mis Documentos\Leo\Digitales II\Guía de Ejercicios MPLAB\AutoBT.X\Autito.asm
                      _25   0x000069    program     static D:\DOCUMENTOS\Mis Documentos\Leo\Digitales II\Guía de Ejercicios MPLAB\AutoBT.X\Autito.asm
              RETARDO_250   0x00006e    program     static D:\DOCUMENTOS\Mis Documentos\Leo\Digitales II\Guía de Ejercicios MPLAB\AutoBT.X\Autito.asm
                    BUCLE   0x000070    program     static D:\DOCUMENTOS\Mis Documentos\Leo\Digitales II\Guía de Ejercicios MPLAB\AutoBT.X\Autito.asm
               RETARDO_T1   0x000075    program     static D:\DOCUMENTOS\Mis Documentos\Leo\Digitales II\Guía de Ejercicios MPLAB\AutoBT.X\Autito.asm
             _.org_2_0079   0x000079    program     static D:\DOCUMENTOS\Mis Documentos\Leo\Digitales II\Guía de Ejercicios MPLAB\AutoBT.X\Autito.asm


