MPLINK 5.09, LINKER
Linker Map File - Created Thu Apr 20 19:04:53 2023

                                 Section Info
                  Section       Type    Address   Location Size(Bytes)
                ---------  ---------  ---------  ---------  ---------
                   .org_0       code   0x000000    program   0x000002
                   .cinit    romdata   0x000001    program   0x000004
                   .org_1       code   0x000004    program   0x000002
                   .org_2       code   0x000005    program   0x000094
.config_2007_BUILD/DEFAULT/DEBUG/AUTITO.O       code   0x002007    program   0x000002



                              Program Memory Usage 
                               Start         End      
                           ---------   ---------      
                            0x000000    0x000002      
                            0x000004    0x00004e      
                            0x002007    0x002007      
            79 out of 8454 program addresses used, program memory utilization is 0%



                              Symbols - Sorted by Name
                     Name    Address   Location    Storage File                     
                ---------  ---------  ---------  --------- ---------                
                  AVANZAR   0x00002a    program     static D:\DOCUMENTOS\Mis Documentos\Leo\Digitales II\Guía de Ejercicios MPLAB\AutoBT.X\Autito.asm
                    BUCLE   0x000043    program     static D:\DOCUMENTOS\Mis Documentos\Leo\Digitales II\Guía de Ejercicios MPLAB\AutoBT.X\Autito.asm
                  DERECHA   0x000032    program     static D:\DOCUMENTOS\Mis Documentos\Leo\Digitales II\Guía de Ejercicios MPLAB\AutoBT.X\Autito.asm
                      FIN   0x000029    program     static D:\DOCUMENTOS\Mis Documentos\Leo\Digitales II\Guía de Ejercicios MPLAB\AutoBT.X\Autito.asm
                   GO_DER   0x000039    program     static D:\DOCUMENTOS\Mis Documentos\Leo\Digitales II\Guía de Ejercicios MPLAB\AutoBT.X\Autito.asm
                   GO_IZQ   0x00003d    program     static D:\DOCUMENTOS\Mis Documentos\Leo\Digitales II\Guía de Ejercicios MPLAB\AutoBT.X\Autito.asm
                   INTERR   0x00001c    program     static D:\DOCUMENTOS\Mis Documentos\Leo\Digitales II\Guía de Ejercicios MPLAB\AutoBT.X\Autito.asm
                IZQUIERDA   0x000034    program     static D:\DOCUMENTOS\Mis Documentos\Leo\Digitales II\Guía de Ejercicios MPLAB\AutoBT.X\Autito.asm
                     MAIN   0x000005    program     static D:\DOCUMENTOS\Mis Documentos\Leo\Digitales II\Guía de Ejercicios MPLAB\AutoBT.X\Autito.asm
              RETARDO_250   0x000041    program     static D:\DOCUMENTOS\Mis Documentos\Leo\Digitales II\Guía de Ejercicios MPLAB\AutoBT.X\Autito.asm
               RETARDO_T1   0x000048    program     static D:\DOCUMENTOS\Mis Documentos\Leo\Digitales II\Guía de Ejercicios MPLAB\AutoBT.X\Autito.asm
                RETROCEDE   0x00002e    program     static D:\DOCUMENTOS\Mis Documentos\Leo\Digitales II\Guía de Ejercicios MPLAB\AutoBT.X\Autito.asm
                     STOP   0x000036    program     static D:\DOCUMENTOS\Mis Documentos\Leo\Digitales II\Guía de Ejercicios MPLAB\AutoBT.X\Autito.asm
             _.org_2_001B   0x00001b    program     static D:\DOCUMENTOS\Mis Documentos\Leo\Digitales II\Guía de Ejercicios MPLAB\AutoBT.X\Autito.asm
             _.org_2_004C   0x00004c    program     static D:\DOCUMENTOS\Mis Documentos\Leo\Digitales II\Guía de Ejercicios MPLAB\AutoBT.X\Autito.asm



                              Symbols - Sorted by Address
                     Name    Address   Location    Storage File                     
                ---------  ---------  ---------  --------- ---------                
                     MAIN   0x000005    program     static D:\DOCUMENTOS\Mis Documentos\Leo\Digitales II\Guía de Ejercicios MPLAB\AutoBT.X\Autito.asm
             _.org_2_001B   0x00001b    program     static D:\DOCUMENTOS\Mis Documentos\Leo\Digitales II\Guía de Ejercicios MPLAB\AutoBT.X\Autito.asm
                   INTERR   0x00001c    program     static D:\DOCUMENTOS\Mis Documentos\Leo\Digitales II\Guía de Ejercicios MPLAB\AutoBT.X\Autito.asm
                      FIN   0x000029    program     static D:\DOCUMENTOS\Mis Documentos\Leo\Digitales II\Guía de Ejercicios MPLAB\AutoBT.X\Autito.asm
                  AVANZAR   0x00002a    program     static D:\DOCUMENTOS\Mis Documentos\Leo\Digitales II\Guía de Ejercicios MPLAB\AutoBT.X\Autito.asm
                RETROCEDE   0x00002e    program     static D:\DOCUMENTOS\Mis Documentos\Leo\Digitales II\Guía de Ejercicios MPLAB\AutoBT.X\Autito.asm
                  DERECHA   0x000032    program     static D:\DOCUMENTOS\Mis Documentos\Leo\Digitales II\Guía de Ejercicios MPLAB\AutoBT.X\Autito.asm
                IZQUIERDA   0x000034    program     static D:\DOCUMENTOS\Mis Documentos\Leo\Digitales II\Guía de Ejercicios MPLAB\AutoBT.X\Autito.asm
                     STOP   0x000036    program     static D:\DOCUMENTOS\Mis Documentos\Leo\Digitales II\Guía de Ejercicios MPLAB\AutoBT.X\Autito.asm
                   GO_DER   0x000039    program     static D:\DOCUMENTOS\Mis Documentos\Leo\Digitales II\Guía de Ejercicios MPLAB\AutoBT.X\Autito.asm
                   GO_IZQ   0x00003d    program     static D:\DOCUMENTOS\Mis Documentos\Leo\Digitales II\Guía de Ejercicios MPLAB\AutoBT.X\Autito.asm
              RETARDO_250   0x000041    program     static D:\DOCUMENTOS\Mis Documentos\Leo\Digitales II\Guía de Ejercicios MPLAB\AutoBT.X\Autito.asm
                    BUCLE   0x000043    program     static D:\DOCUMENTOS\Mis Documentos\Leo\Digitales II\Guía de Ejercicios MPLAB\AutoBT.X\Autito.asm
               RETARDO_T1   0x000048    program     static D:\DOCUMENTOS\Mis Documentos\Leo\Digitales II\Guía de Ejercicios MPLAB\AutoBT.X\Autito.asm
             _.org_2_004C   0x00004c    program     static D:\DOCUMENTOS\Mis Documentos\Leo\Digitales II\Guía de Ejercicios MPLAB\AutoBT.X\Autito.asm


